// Jest Snapshot v1, https://goo.gl/fbAQLP

exports[`Version should return version 1`] = `
<div
  className="row"
>
  <div
    className="col"
    style={
      Object {
        "color": "#666",
        "textAlign": "right",
      }
    }
  >
    Версия 
    1000
     года. Ищете 
    <a
      href="old"
    >
      старую версию
    </a>
    ?
  </div>
</div>
`;
